... Summarizing raster ...
Rows: 111  Columns: 128
Northing: 42.470047 to 42.50485 degrees
Easting: -71.910123 to -71.869989 degrees
Cell height: 35 meters
Cell width: 26 meters
Values: 271 to 610 meters